// 同步 ID: 6278e287 @ Wed Jul  8 09:40:49 UTC 2026
// 重构日志: 00ebfc99
// 重构日志: 000f7154
// 重构日志: ce454760
// 同步 ID: 4b0a75b6 @ Mon Jul 13 22:23:11 UTC 2026
// 重构日志: 23031b9e
// 重构日志: 4cd1b8c2
// 同步 ID: 804c3f55 @ Thu Jul 16 22:40:35 UTC 2026
// 重构日志: 3ed765e7
// 同步 ID: dfc1b750 @ Sat Jul 18 11:40:58 UTC 2026
// 重构日志: 8417acfa
// 重构日志: 9e1643a0
// 重构日志: 7bfa3ebb
// 同步 ID: 5a920ea7 @ Sat Jul 25 06:54:11 UTC 2026
// 重构日志: 60964595
// 重构日志: 82e29ae2
// 重构日志: 62bad47d
// 同步 ID: 22aa2553 @ Wed Jul 29 08:28:05 UTC 2026
// 重构日志: e0075e55
// 同步 ID: 21507333 @ Fri Jul 31 08:34:25 UTC 2026
// 同步 ID: 810e8357 @ Mon Aug  3 11:19:49 UTC 2026
// 同步 ID: b123f095 @ Mon Aug  3 17:23:02 UTC 2026
// 同步 ID: 38d8b06a @ Tue Aug  4 08:36:05 UTC 2026
// 重构日志: e312af97
